[backblue.gif]
[fade.gif]
[index.html]
[www.meridalegal.com/img/favicon.png]
[www.meridalegal.com/img/logo-2.png]
[www.meridalegal.com/img/slider/1.jpg]
[www.meridalegal.com/img/slider/2.jpg]
[www.meridalegal.com/img/home.jpg]
[www.meridalegal.com/img/case-evaluation-image.jpg]
[www.meridalegal.com/img/footer-logo.png]
[www.meridalegal.com/js/vendor/jquery-1.11.3.min.js]
[www.meridalegal.com/js/bootstrap.min.js]
[www.meridalegal.com/js/jquery.themepunch.revolution.min.js]
[www.meridalegal.com/js/jquery.themepunch.tools.min.js]
[www.meridalegal.com/js/vendor/modernizr-2.8.3.min.js]
[www.meridalegal.com/js/owl.carousel.min.js]
[www.meridalegal.com/js/jquery.appear.js]
[www.meridalegal.com/js/jquery.countTo.js]
[www.meridalegal.com/js/validate.js]
[www.meridalegal.com/js/gmap.js]
[www.meridalegal.com/js/plugins.js]
[www.meridalegal.com/js/main.js]
[www.meridalegal.com/index.html]
[www.meridalegal.com/img/breadcrumb-bg.jpg]
[www.meridalegal.com/img/top-bg.jpg]
[www.meridalegal.com/img/civil-border.png]
[www.meridalegal.com/img/featured-service-bg.png]
[www.meridalegal.com/img/case-evaluation-area-bg.jpg]
[www.meridalegal.com/img/case-form-title-bg.png]
[www.meridalegal.com/img/texture.jpg]
[www.meridalegal.com/img/practice-text-bg-border.png]
[www.meridalegal.com/img/location.png]
[www.meridalegal.com/img/phone.png]
[www.meridalegal.com/img/envelop.png]
[www.meridalegal.com/img/website.png]
[www.meridalegal.com/img/top-bg.jpg-2.jpg]
[www.meridalegal.com/img/tab-point-li-bg.png]
[www.meridalegal.com/img/dwn-icon.png]
[www.meridalegal.com/img/author-icon.png]
[www.meridalegal.com/img/tags.png]
[www.meridalegal.com/img/comments.png]
[www.meridalegal.com/img/blog-v3-border.png]
[www.meridalegal.com/img/blog-v4-border.png]
[www.meridalegal.com/img/single-attorney-phn.png]
[www.meridalegal.com/img/single-attorney-envelop.png]
[www.meridalegal.com/css/style.css]
[www.meridalegal.com/css/responsive.css]
[www.meridalegal.com/index-2.html]
[www.meridalegal.com/img/vision-left.jpg]
[www.meridalegal.com/img/mission-vision-signature.jpg]
[www.meridalegal.com/img/mission-vision-right.jpg]
[www.meridalegal.com/quienes-somos.html]
[www.meridalegal.com/asociados.html]
[www.meridalegal.com/img/practice/practice-v3-1.jpg]
[www.meridalegal.com/img/practice/practice-v3-2.jpg]
[www.meridalegal.com/img/practice/practice-v3-3.jpg]
[www.meridalegal.com/img/practice/practice-v3-4.jpg]
[www.meridalegal.com/servicios.html]
[www.meridalegal.com/img/blog-v4-1.jpg]
[www.meridalegal.com/img/blog-v4-2.jpg]
[www.meridalegal.com/img/blog-v4-3.jpg]
[www.meridalegal.com/img/blog-v4-4.jpg]
[www.meridalegal.com/img/blog-v4-5.jpg]
[www.meridalegal.com/asesoria-patronal.html]
[www.meridalegal.com/img/blog-v3-1.jpg]
[www.meridalegal.com/asesoria-trabajadores.html]
[www.meridalegal.com/img/blog-v3-2.jpg]
[www.meridalegal.com/servicios-notariales.html]
[www.meridalegal.com/img/blog-v3-3.jpg]
[www.meridalegal.com/img/blog-v3-4.jpg]
[www.meridalegal.com/img/blog-v3-5.jpg]
[www.meridalegal.com/img/blog-v3-6.jpg]
[www.meridalegal.com/areas.html]
[www.meridalegal.com/img/contact-right-img.png]
[www.meridalegal.com/contacto.html]
[www.meridalegal.com/aviso-privacidad.html]
[www.meridalegal.com/fonts/glyphicons-halflings-regular.eot]
[www.meridalegal.com/fonts/glyphicons-halflings-regulard41d.eot]
[www.meridalegal.com/fonts/glyphicons-halflings-regular.woff2]
[www.meridalegal.com/fonts/glyphicons-halflings-regular.woff]
[www.meridalegal.com/fonts/glyphicons-halflings-regular.ttf]
[www.meridalegal.com/css/bootstrap.css]
[www.meridalegal.com/fonts/fontawesome-webfont93e3.eot]
[www.meridalegal.com/fonts/fontawesome-webfontd41d.eot]
[www.meridalegal.com/fonts/fontawesome-webfont93e3.woff2]
[www.meridalegal.com/fonts/fontawesome-webfont93e3.woff]
[www.meridalegal.com/fonts/fontawesome-webfont93e3.ttf]
[www.meridalegal.com/css/font-awesome.min.css]
[www.meridalegal.com/css/normalize.css]
[www.meridalegal.com/css/slicknav.css]
[www.meridalegal.com/css/owl.carousel.css]
[www.meridalegal.com/css/owl.theme.default.min.css]
[www.meridalegal.com/css/owl.transitions.css]
[www.meridalegal.com/css/strocke-gap-icons-style.css]
[www.meridalegal.com/img/rs-img/images/gradient/g30.png]
[www.meridalegal.com/img/rs-img/images/gradient/g40.png]
[www.meridalegal.com/img/rs-img/shadow1.png]
[www.meridalegal.com/img/rs-img/shadow2.png]
[www.meridalegal.com/img/rs-img/shadow3.png]
[www.meridalegal.com/img/rs-img/gridtile.png]
[www.meridalegal.com/img/rs-img/gridtile_white.png]
[www.meridalegal.com/img/rs-img/gridtile_3x3.png]
[www.meridalegal.com/img/rs-img/gridtile_3x3_white.png]
[www.meridalegal.com/img/rs-img/boxed_bgtile.png]
[www.meridalegal.com/img/rs-img/navigdots_bgtile.png]
[www.meridalegal.com/img/rs-img/bullet.png]
[www.meridalegal.com/img/rs-img/bullets.png]
[www.meridalegal.com/img/rs-img/bullets2.png]
[www.meridalegal.com/img/rs-img/bullet_boxed.png]
[www.meridalegal.com/img/rs-img/navigdots.png]
[www.meridalegal.com/img/rs-img/large_left.png]
[www.meridalegal.com/img/rs-img/large_right.png]
[www.meridalegal.com/img/rs-img/small_left.png]
[www.meridalegal.com/img/rs-img/small_right.png]
[www.meridalegal.com/img/rs-img/arrow_left.png]
[www.meridalegal.com/img/rs-img/arrow_right.png]
[www.meridalegal.com/img/rs-img/small_left_boxed.png]
[www.meridalegal.com/img/rs-img/small_right_boxed.png]
[www.meridalegal.com/img/rs-img/arrowleft.png]
[www.meridalegal.com/img/rs-img/arrowright.png]
[www.meridalegal.com/img/rs-img/arrow_left2.png]
[www.meridalegal.com/img/rs-img/arrow_right2.png]
[www.meridalegal.com/img/rs-img/timer.png]
[www.meridalegal.com/img/rs-img/coloredbg.png]
[www.meridalegal.com/img/rs-img/loader.gif]
[www.meridalegal.com/fonts/revicons90c6.eot]
[www.meridalegal.com/fonts/revicons90c6.woff]
[www.meridalegal.com/fonts/revicons90c6.ttf]
[www.meridalegal.com/css/settings.css]
[www.meridalegal.com/fonts/flaticon.eot]
[www.meridalegal.com/fonts/flaticon.woff]
[www.meridalegal.com/fonts/flaticon.ttf]
[www.meridalegal.com/css/flaticon.css]
[www.meridalegal.com/img/testimonial/testimonial-bg.html]
[www.meridalegal.com/asesoria-laboral.html]
[www.meridalegal.com/area-mercantil.html]
[www.meridalegal.com/fonts/glyphicons-halflings-regular.svg]
[www.meridalegal.com/fonts/fontawesome-webfont93e3.svg]
[www.meridalegal.com/css/owl.video.play.html]
[www.meridalegal.com/css/fonts/Stroke-Gap-Icons.html]
[www.meridalegal.com/fonts/revicons90c6.svg]
[www.meridalegal.com/fonts/flaticon.svg]
